../Core/Src/UartRingbuffer.c:41:6:Ringbuf_init	16	static
../Core/Src/UartRingbuffer.c:53:6:store_char	24	static
../Core/Src/UartRingbuffer.c:67:5:Uart_read	16	static
../Core/Src/UartRingbuffer.c:84:6:Uart_write	24	static
../Core/Src/UartRingbuffer.c:100:5:IsDataAvailable	4	static
../Core/Src/UartRingbuffer.c:107:6:Uart_sendstring	16	static
../Core/Src/UartRingbuffer.c:112:6:GetDataFromBuffer	56	static
../Core/Src/UartRingbuffer.c:169:6:Uart_flush	8	static
../Core/Src/UartRingbuffer.c:176:5:Uart_peek	4	static
../Core/Src/UartRingbuffer.c:194:5:Copy_upto	32	static
../Core/Src/UartRingbuffer.c:232:5:Get_after	32	static
../Core/Src/UartRingbuffer.c:248:5:Wait_for	24	static
../Core/Src/UartRingbuffer.c:293:6:Uart_isr	32	static
